// Jest Snapshot v1, https://goo.gl/fbAQLP

exports[`CanvasChessPieces controller addOrRemovePiece should draw piece on context if the length of next chess moves is greater than current chess moves 1`] = `"data:image/png;base64,iVBORw0KGgoAAAANSUhEUgAAAKAAAACgCAYAAACLz2ctAAAABmJLR0QA/wD/AP+gvaeTAAAA1ElEQVR4nO3VMQrCUBAE0MHTCJaCtw6kTu9dxDaQlFq4NgYLxU+QvAfT7DRbLGwCAAAAAAAAAAAAAAAAAAAAAAAAAAAAAAAAAAAAADwckvRJrpW+ZtDcKcmc5PaSuTpoasjy+J4ZVtyLjRjz/gDHFffiA7u1F2Db/vkAz1928BPHJFOW73eqDprbJ+mSXCpdzQAAAAAAAAAAAAAAAAAAAAAAAAAAAAAAAAAAAAAAAAAAAAAAAAAAAAAAAAAAAAAAAAAAAAAAAAAAAAAAAAAAAAAAAMgd+AokhW4FDDkAAAAASUVORK5CYII="`;

exports[`CanvasChessPieces controller addOrRemovePiece should remove pieces on context if the length of next chess moves is lower than current chess moves 1`] = `"data:image/png;base64,iVBORw0KGgoAAAANSUhEUgAAAKAAAACgCAYAAACLz2ctAAAABmJLR0QA/wD/AP+gvaeTAAAAeklEQVR4nO3BMQEAAADCoPVPbQ0PoAAAAAAAAAAAAAAAAAAAAAAAAAAAAAAAAAAAAAAAAAAAAAAAAAAAAAAAAAAAAAAAAAAAAAAAAAAAAAAAAAAAAAAAAAAAAAAAAAAAAAAAAAAAAAAAAAAAAAAAAAAAAAAAAAAAAHgwkK8AAWW3G6sAAAAASUVORK5CYII="`;

exports[`CanvasChessPieces controller addOrRemovePiece should skip if the length of next chess moves equals to current chess moves 1`] = `"data:image/png;base64,iVBORw0KGgoAAAANSUhEUgAAAKAAAACgCAYAAACLz2ctAAAABmJLR0QA/wD/AP+gvaeTAAAAeklEQVR4nO3BMQEAAADCoPVPbQ0PoAAAAAAAAAAAAAAAAAAAAAAAAAAAAAAAAAAAAAAAAAAAAAAAAAAAAAAAAAAAAAAAAAAAAAAAAAAAAAAAAAAAAAAAAAAAAAAAAAAAAAAAAAAAAAAAAAAAAAAAAAAAAAAAAAAAAHgwkK8AAWW3G6sAAAAASUVORK5CYII="`;

exports[`CanvasChessPieces controller clearCanvas should clear canvas in region of context 1`] = `"data:image/png;base64,iVBORw0KGgoAAAANSUhEUgAAAKAAAACgCAYAAACLz2ctAAAABmJLR0QA/wD/AP+gvaeTAAAAeklEQVR4nO3BMQEAAADCoPVPbQ0PoAAAAAAAAAAAAAAAAAAAAAAAAAAAAAAAAAAAAAAAAAAAAAAAAAAAAAAAAAAAAAAAAAAAAAAAAAAAAAAAAAAAAAAAAAAAAAAAAAAAAAAAAAAAAAAAAAAAAAAAAAAAAAAAAAAAAHgwkK8AAWW3G6sAAAAASUVORK5CYII="`;

exports[`CanvasChessPieces controller clearPiece should clear canvas in region of piece 1`] = `"data:image/png;base64,iVBORw0KGgoAAAANSUhEUgAAAKAAAACgCAYAAACLz2ctAAAABmJLR0QA/wD/AP+gvaeTAAAAeklEQVR4nO3BMQEAAADCoPVPbQ0PoAAAAAAAAAAAAAAAAAAAAAAAAAAAAAAAAAAAAAAAAAAAAAAAAAAAAAAAAAAAAAAAAAAAAAAAAAAAAAAAAAAAAAAAAAAAAAAAAAAAAAAAAAAAAAAAAAAAAAAAAAAAAAAAAAAAAHgwkK8AAWW3G6sAAAAASUVORK5CYII="`;

exports[`CanvasChessPieces controller detectChessMovesChange should call addOrRemovePiece if the length of next chess moves is different with current chess moves 1`] = `"data:image/png;base64,iVBORw0KGgoAAAANSUhEUgAAAKAAAACgCAYAAACLz2ctAAAABmJLR0QA/wD/AP+gvaeTAAAA1ElEQVR4nO3VMQrCUBAE0MHTCJaCtw6kTu9dxDaQlFq4NgYLxU+QvAfT7DRbLGwCAAAAAAAAAAAAAAAAAAAAAAAAAAAAAAAAAAAAADwckvRJrpW+ZtDcKcmc5PaSuTpoasjy+J4ZVtyLjRjz/gDHFffiA7u1F2Db/vkAz1928BPHJFOW73eqDprbJ+mSXCpdzQAAAAAAAAAAAAAAAAAAAAAAAAAAAAAAAAAAAAAAAAAAAAAAAAAAAAAAAAAAAAAAAAAAAAAAAAAAAAAAAAAAAAAAAMgd+AokhW4FDDkAAAAASUVORK5CYII="`;

exports[`CanvasChessPieces controller detectChessMovesChange should skip if the length of next chess moves equals to current chess moves 1`] = `"data:image/png;base64,iVBORw0KGgoAAAANSUhEUgAAAKAAAACgCAYAAACLz2ctAAAABmJLR0QA/wD/AP+gvaeTAAAAeklEQVR4nO3BMQEAAADCoPVPbQ0PoAAAAAAAAAAAAAAAAAAAAAAAAAAAAAAAAAAAAAAAAAAAAAAAAAAAAAAAAAAAAAAAAAAAAAAAAAAAAAAAAAAAAAAAAAAAAAAAAAAAAAAAAAAAAAAAAAAAAAAAAAAAAAAAAAAAAHgwkK8AAWW3G6sAAAAASUVORK5CYII="`;

exports[`CanvasChessPieces controller detectWidthChange should call redraw if next width is different with current width 1`] = `"data:image/png;base64,iVBORw0KGgoAAAANSUhEUgAAAKAAAACgCAYAAACLz2ctAAAABmJLR0QA/wD/AP+gvaeTAAAA1ElEQVR4nO3VMQrCUBAE0MHTCJaCtw6kTu9dxDaQlFq4NgYLxU+QvAfT7DRbLGwCAAAAAAAAAAAAAAAAAAAAAAAAAAAAAAAAAAAAADwckvRJrpW+ZtDcKcmc5PaSuTpoasjy+J4ZVtyLjRjz/gDHFffiA7u1F2Db/vkAz1928BPHJFOW73eqDprbJ+mSXCpdzQAAAAAAAAAAAAAAAAAAAAAAAAAAAAAAAAAAAAAAAAAAAAAAAAAAAAAAAAAAAAAAAAAAAAAAAAAAAAAAAAAAAAAAAMgd+AokhW4FDDkAAAAASUVORK5CYII="`;

exports[`CanvasChessPieces controller drawPiece should draw a piece on the context 1`] = `"data:image/png;base64,iVBORw0KGgoAAAANSUhEUgAAAKAAAACgCAYAAACLz2ctAAAABmJLR0QA/wD/AP+gvaeTAAAA1ElEQVR4nO3VMQrCUBAE0MHTCJaCtw6kTu9dxDaQlFq4NgYLxU+QvAfT7DRbLGwCAAAAAAAAAAAAAAAAAAAAAAAAAAAAAAAAAAAAADwckvRJrpW+ZtDcKcmc5PaSuTpoasjy+J4ZVtyLjRjz/gDHFffiA7u1F2Db/vkAz1928BPHJFOW73eqDprbJ+mSXCpdzQAAAAAAAAAAAAAAAAAAAAAAAAAAAAAAAAAAAAAAAAAAAAAAAAAAAAAAAAAAAAAAAAAAAAAAAAAAAAAAAAAAAAAAAMgd+AokhW4FDDkAAAAASUVORK5CYII="`;

exports[`CanvasChessPieces controller redrawPieces should redraw pieces on context 1`] = `"data:image/png;base64,iVBORw0KGgoAAAANSUhEUgAAAKAAAACgCAYAAACLz2ctAAAABmJLR0QA/wD/AP+gvaeTAAAA1ElEQVR4nO3VMQrCUBAE0MHTCJaCtw6kTu9dxDaQlFq4NgYLxU+QvAfT7DRbLGwCAAAAAAAAAAAAAAAAAAAAAAAAAAAAAAAAAAAAADwckvRJrpW+ZtDcKcmc5PaSuTpoasjy+J4ZVtyLjRjz/gDHFffiA7u1F2Db/vkAz1928BPHJFOW73eqDprbJ+mSXCpdzQAAAAAAAAAAAAAAAAAAAAAAAAAAAAAAAAAAAAAAAAAAAAAAAAAAAAAAAAAAAAAAAAAAAAAAAAAAAAAAAAAAAAAAAMgd+AokhW4FDDkAAAAASUVORK5CYII="`;

exports[`CanvasChessPieces view should be rendered properly 1`] = `
<canvas
  className="canvas-pieces-style"
  height={160}
  target={true}
  width={160}
/>
`;
